2026-09-06 11:00:07,007	INFO	Start main routine for show ENS06Sep26
2026-09-06 11:00:07,007	INFO	Removing old working directory /srv/mm/3rrr/work30Aug
2026-09-06 11:00:07,047	INFO	Removing old show directory /srv/mm/3rrr/show30Aug
2026-09-06 11:00:07,252	INFO	mplayer cmd: mplayer -endpos 01:02:00 -quiet -nocache -vo null -vc dummy -ao pcm:waveheader:file=/srv/mm/3rrr/work06Sep/ENS06Sep26.wav_1.wav http://realtime.rrr.org.au/p1h
2026-09-06 11:00:07,305	INFO	waiting for mplayer to start, count:0
2026-09-06 11:00:08,316	INFO	waiting for mplayer to create the wav file, count:0
2026-09-06 11:00:09,318	INFO	waiting for mplayer to create the wav file, count:1
2026-09-06 11:00:10,319	INFO	waiting for the wav file to grow, size:0
2026-09-06 11:00:11,320	INFO	waiting for the wav file to grow, size:1900544
2026-09-06 11:00:12,342	INFO	sampling rate is 44100
2026-09-06 11:00:12,342	INFO	Status info: rc is 1  runtime is 0  remtime is 3720   fsize is 2293760
2026-09-06 12:02:16,066	INFO	Show ENS remaining time: 0
2026-09-06 12:02:21,072	INFO	sox cmd: sox /srv/mm/3rrr/work06Sep/ENS06Sep26.wav_1.wav /srv/mm/3rrr/work06Sep/ENS06Sep26.wav
2026-09-06 12:03:09,076	INFO	sox cmd: sox /srv/mm/3rrr/work06Sep/ENS06Sep26.wav -c1 -b16 /srv/mm/3rrr/work06Sep/Einstein-A-Go-Go-20260906.wav_mon.wav
2026-09-06 12:03:41,679	INFO	sox cmd: sox /srv/mm/3rrr/work06Sep/Einstein-A-Go-Go-20260906.wav /srv/mm/3rrr/work06Sep/Einstein-A-Go-Go-20260906.wav_loud.wav compand 0.01,1 -90,-90,-70,-70,-60,-20,0,0 -5
2026-09-06 12:04:08,656	INFO	lame cmd: lame --quiet -b 320 --add-id3v2 --ty 2026 --tt Einstein A Go Go - 06 September 2026 --tc Einstein A Go Go can be heard every Sunday at 11.00am on 3RRR FM 102.7 MHz in Melbourne, Australia (http://www.rrr.org.au). Visit our website for more information (http://www.rrr.org.au/program/einstein-a-go-go/). --tg Podcast --ta Einstein A Go Go --tl Triple R FM /srv/mm/3rrr/work06Sep/ENS06Sep26.wav /srv/mm/3rrr/work06Sep/ENS06Sep26.mp3
2026-09-06 12:08:10,129	INFO	lame cmd: lame --quiet --preset 64 --add-id3v2 --ty 2026 --tt Einstein A Go Go - 06 September 2026 --tc Einstein A Go Go can be heard every Sunday at 11.00am on 3RRR FM 102.7 MHz in Melbourne, Australia (http://www.rrr.org.au). Visit our website for more information (http://www.rrr.org.au/program/einstein-a-go-go/). --tg Speech --ta Triple R --tl Triple R /srv/mm/3rrr/work06Sep/Einstein-A-Go-Go-20260906.wav /srv/mm/3rrr/work06Sep/Einstein-A-Go-Go-20260906.mp3
2026-09-06 12:10:26,250	INFO	Removing stale latest directory /srv/mm/3rrr/latest/ENS/
2026-09-06 12:10:26,255	INFO	Copy the ENS show files to show and latest folders
2026-09-06 12:10:34,677	INFO	Local web server publishing of files started
2026-09-06 12:10:35,938	INFO	Removing old file /var/www/eagg/files/Einstein-A-Go-Go-20260823.mp3
2026-09-06 12:10:35,985	INFO	Removing old file /var/www/eagg/files/ENS23Aug26.log
2026-09-06 12:10:35,985	INFO	Delete local web server archive file /var/www/eagg/files/archive/Einstein-A-Go-Go-20260712.mp3
2026-09-06 12:10:35,985	INFO	Removing old file /var/www/eagg/files/archive/Einstein-A-Go-Go-20260712.mp3
2026-09-06 12:10:36,337	INFO	Github publishing of files started
