2026-08-09 11:00:06,915	INFO	Start main routine for show ENS09Aug26
2026-08-09 11:00:06,915	INFO	Removing old working directory /srv/mm/3rrr/work02Aug
2026-08-09 11:00:06,951	INFO	Removing old show directory /srv/mm/3rrr/show02Aug
2026-08-09 11:00:07,141	INFO	mplayer cmd: mplayer -endpos 01:02:00 -quiet -nocache -vo null -vc dummy -ao pcm:waveheader:file=/srv/mm/3rrr/work09Aug/ENS09Aug26.wav_1.wav http://realtime.rrr.org.au/p1h
2026-08-09 11:00:07,207	INFO	waiting for mplayer to start, count:0
2026-08-09 11:00:08,217	INFO	waiting for mplayer to create the wav file, count:0
2026-08-09 11:00:09,218	INFO	waiting for mplayer to create the wav file, count:1
2026-08-09 11:00:10,220	INFO	waiting for the wav file to grow, size:0
2026-08-09 11:00:11,241	INFO	sampling rate is 44100
2026-08-09 11:00:11,241	INFO	Status info: rc is 1  runtime is 0  remtime is 3720   fsize is 1966080
2026-08-09 12:02:14,992	INFO	Show ENS remaining time: 0
2026-08-09 12:02:20,000	INFO	sox cmd: sox /srv/mm/3rrr/work09Aug/ENS09Aug26.wav_1.wav /srv/mm/3rrr/work09Aug/ENS09Aug26.wav
2026-08-09 12:03:07,788	INFO	sox cmd: sox /srv/mm/3rrr/work09Aug/ENS09Aug26.wav -c1 -b16 /srv/mm/3rrr/work09Aug/Einstein-A-Go-Go-20260809.wav_mon.wav
2026-08-09 12:03:41,496	INFO	sox cmd: sox /srv/mm/3rrr/work09Aug/Einstein-A-Go-Go-20260809.wav /srv/mm/3rrr/work09Aug/Einstein-A-Go-Go-20260809.wav_loud.wav compand 0.01,1 -90,-90,-70,-70,-60,-20,0,0 -5
2026-08-09 12:04:08,803	INFO	lame cmd: lame --quiet -b 320 --add-id3v2 --ty 2026 --tt Einstein A Go Go - 09 August 2026 --tc Einstein A Go Go can be heard every Sunday at 11.00am on 3RRR FM 102.7 MHz in Melbourne, Australia (http://www.rrr.org.au). Visit our website for more information (http://www.rrr.org.au/program/einstein-a-go-go/). --tg Podcast --ta Einstein A Go Go --tl Triple R FM /srv/mm/3rrr/work09Aug/ENS09Aug26.wav /srv/mm/3rrr/work09Aug/ENS09Aug26.mp3
2026-08-09 12:08:09,737	INFO	lame cmd: lame --quiet --preset 64 --add-id3v2 --ty 2026 --tt Einstein A Go Go - 09 August 2026 --tc Einstein A Go Go can be heard every Sunday at 11.00am on 3RRR FM 102.7 MHz in Melbourne, Australia (http://www.rrr.org.au). Visit our website for more information (http://www.rrr.org.au/program/einstein-a-go-go/). --tg Speech --ta Triple R --tl Triple R /srv/mm/3rrr/work09Aug/Einstein-A-Go-Go-20260809.wav /srv/mm/3rrr/work09Aug/Einstein-A-Go-Go-20260809.mp3
2026-08-09 12:10:19,412	INFO	Removing stale latest directory /srv/mm/3rrr/latest/ENS/
2026-08-09 12:10:19,422	INFO	Copy the ENS show files to show and latest folders
2026-08-09 12:10:26,044	INFO	Local web server publishing of files started
2026-08-09 12:10:27,310	INFO	Removing old file /var/www/eagg/files/Einstein-A-Go-Go-20260726.mp3
2026-08-09 12:10:27,317	INFO	Removing old file /var/www/eagg/files/ENS26Jul26.log
2026-08-09 12:10:27,320	INFO	Delete local web server archive file /var/www/eagg/files/archive/Einstein-A-Go-Go-20260614.mp3
2026-08-09 12:10:27,320	INFO	Removing old file /var/www/eagg/files/archive/Einstein-A-Go-Go-20260614.mp3
2026-08-09 12:10:27,529	INFO	Github publishing of files started
