2026-07-05 11:00:06,916	INFO	Start main routine for show ENS05Jul26
2026-07-05 11:00:06,916	INFO	Removing old working directory /srv/mm/3rrr/work28Jun
2026-07-05 11:00:06,950	INFO	Removing old show directory /srv/mm/3rrr/show28Jun
2026-07-05 11:00:07,154	INFO	mplayer cmd: mplayer -endpos 01:02:00 -quiet -nocache -vo null -vc dummy -ao pcm:waveheader:file=/srv/mm/3rrr/work05Jul/ENS05Jul26.wav_1.wav http://realtime.rrr.org.au/p1h
2026-07-05 11:00:07,204	INFO	waiting for mplayer to start, count:0
2026-07-05 11:00:08,218	INFO	waiting for mplayer to create the wav file, count:0
2026-07-05 11:00:09,219	INFO	waiting for mplayer to create the wav file, count:1
2026-07-05 11:00:10,221	INFO	waiting for the wav file to grow, size:0
2026-07-05 11:00:11,243	INFO	sampling rate is 44100
2026-07-05 11:00:11,244	INFO	Status info: rc is 1  runtime is 0  remtime is 3720   fsize is 1966080
2026-07-05 12:02:14,964	INFO	Show ENS remaining time: 0
2026-07-05 12:02:19,970	INFO	sox cmd: sox /srv/mm/3rrr/work05Jul/ENS05Jul26.wav_1.wav /srv/mm/3rrr/work05Jul/ENS05Jul26.wav
2026-07-05 12:03:07,351	INFO	sox cmd: sox /srv/mm/3rrr/work05Jul/ENS05Jul26.wav -c1 -b16 /srv/mm/3rrr/work05Jul/Einstein-A-Go-Go-20260705.wav_mon.wav
2026-07-05 12:03:41,029	INFO	sox cmd: sox /srv/mm/3rrr/work05Jul/Einstein-A-Go-Go-20260705.wav /srv/mm/3rrr/work05Jul/Einstein-A-Go-Go-20260705.wav_loud.wav compand 0.01,1 -90,-90,-70,-70,-60,-20,0,0 -5
2026-07-05 12:04:08,711	INFO	lame cmd: lame --quiet -b 320 --add-id3v2 --ty 2026 --tt Einstein A Go Go - 05 July 2026 --tc Einstein A Go Go can be heard every Sunday at 11.00am on 3RRR FM 102.7 MHz in Melbourne, Australia (http://www.rrr.org.au). Visit our website for more information (http://www.rrr.org.au/program/einstein-a-go-go/). --tg Podcast --ta Einstein A Go Go --tl Triple R FM /srv/mm/3rrr/work05Jul/ENS05Jul26.wav /srv/mm/3rrr/work05Jul/ENS05Jul26.mp3
2026-07-05 12:08:09,858	INFO	lame cmd: lame --quiet --preset 64 --add-id3v2 --ty 2026 --tt Einstein A Go Go - 05 July 2026 --tc Einstein A Go Go can be heard every Sunday at 11.00am on 3RRR FM 102.7 MHz in Melbourne, Australia (http://www.rrr.org.au). Visit our website for more information (http://www.rrr.org.au/program/einstein-a-go-go/). --tg Speech --ta Triple R --tl Triple R /srv/mm/3rrr/work05Jul/Einstein-A-Go-Go-20260705.wav /srv/mm/3rrr/work05Jul/Einstein-A-Go-Go-20260705.mp3
2026-07-05 12:10:18,822	INFO	Removing stale latest directory /srv/mm/3rrr/latest/ENS/
2026-07-05 12:10:18,830	INFO	Copy the ENS show files to show and latest folders
2026-07-05 12:10:27,608	INFO	Local web server publishing of files started
2026-07-05 12:10:28,633	INFO	Removing old file /var/www/eagg/files/Einstein-A-Go-Go-20260621.mp3
2026-07-05 12:10:28,640	INFO	Removing old file /var/www/eagg/files/ENS21Jun26.log
2026-07-05 12:10:28,649	INFO	Delete local web server archive file /var/www/eagg/files/archive/Einstein-A-Go-Go-20260510.mp3
2026-07-05 12:10:28,649	INFO	Removing old file /var/www/eagg/files/archive/Einstein-A-Go-Go-20260510.mp3
2026-07-05 12:10:28,657	INFO	Github publishing of files started
