2026-08-02 11:00:06,950	INFO	Start main routine for show ENS02Aug26
2026-08-02 11:00:06,950	INFO	Removing old working directory /srv/mm/3rrr/work26Jul
2026-08-02 11:00:06,979	INFO	Removing old show directory /srv/mm/3rrr/show26Jul
2026-08-02 11:00:07,149	INFO	mplayer cmd: mplayer -endpos 01:02:00 -quiet -nocache -vo null -vc dummy -ao pcm:waveheader:file=/srv/mm/3rrr/work02Aug/ENS02Aug26.wav_1.wav http://realtime.rrr.org.au/p1h
2026-08-02 11:00:07,216	INFO	waiting for mplayer to start, count:0
2026-08-02 11:00:08,227	INFO	waiting for mplayer to create the wav file, count:0
2026-08-02 11:00:09,230	INFO	waiting for mplayer to create the wav file, count:1
2026-08-02 11:00:10,231	INFO	waiting for the wav file to grow, size:0
2026-08-02 11:00:11,232	INFO	waiting for the wav file to grow, size:1900544
2026-08-02 11:00:12,252	INFO	sampling rate is 44100
2026-08-02 11:00:12,252	INFO	Status info: rc is 1  runtime is 0  remtime is 3720   fsize is 2359296
2026-08-02 12:02:15,996	INFO	Show ENS remaining time: 0
2026-08-02 12:02:21,006	INFO	sox cmd: sox /srv/mm/3rrr/work02Aug/ENS02Aug26.wav_1.wav /srv/mm/3rrr/work02Aug/ENS02Aug26.wav
2026-08-02 12:03:09,098	INFO	sox cmd: sox /srv/mm/3rrr/work02Aug/ENS02Aug26.wav -c1 -b16 /srv/mm/3rrr/work02Aug/Einstein-A-Go-Go-20260802.wav_mon.wav
2026-08-02 12:03:41,572	INFO	sox cmd: sox /srv/mm/3rrr/work02Aug/Einstein-A-Go-Go-20260802.wav /srv/mm/3rrr/work02Aug/Einstein-A-Go-Go-20260802.wav_loud.wav compand 0.01,1 -90,-90,-70,-70,-60,-20,0,0 -5
2026-08-02 12:04:09,069	INFO	lame cmd: lame --quiet -b 320 --add-id3v2 --ty 2026 --tt Einstein A Go Go - 02 August 2026 --tc Einstein A Go Go can be heard every Sunday at 11.00am on 3RRR FM 102.7 MHz in Melbourne, Australia (http://www.rrr.org.au). Visit our website for more information (http://www.rrr.org.au/program/einstein-a-go-go/). --tg Podcast --ta Einstein A Go Go --tl Triple R FM /srv/mm/3rrr/work02Aug/ENS02Aug26.wav /srv/mm/3rrr/work02Aug/ENS02Aug26.mp3
2026-08-02 12:08:11,248	INFO	lame cmd: lame --quiet --preset 64 --add-id3v2 --ty 2026 --tt Einstein A Go Go - 02 August 2026 --tc Einstein A Go Go can be heard every Sunday at 11.00am on 3RRR FM 102.7 MHz in Melbourne, Australia (http://www.rrr.org.au). Visit our website for more information (http://www.rrr.org.au/program/einstein-a-go-go/). --tg Speech --ta Triple R --tl Triple R /srv/mm/3rrr/work02Aug/Einstein-A-Go-Go-20260802.wav /srv/mm/3rrr/work02Aug/Einstein-A-Go-Go-20260802.mp3
2026-08-02 12:10:20,851	INFO	Removing stale latest directory /srv/mm/3rrr/latest/ENS/
2026-08-02 12:10:20,903	INFO	Copy the ENS show files to show and latest folders
2026-08-02 12:10:26,922	INFO	Local web server publishing of files started
2026-08-02 12:10:28,455	INFO	Removing old file /var/www/eagg/files/Einstein-A-Go-Go-20260719.mp3
2026-08-02 12:10:28,457	INFO	Removing old file /var/www/eagg/files/ENS19Jul26.log
2026-08-02 12:10:28,494	INFO	Delete local web server archive file /var/www/eagg/files/archive/Einstein-A-Go-Go-20260607.mp3
2026-08-02 12:10:28,494	INFO	Removing old file /var/www/eagg/files/archive/Einstein-A-Go-Go-20260607.mp3
2026-08-02 12:10:28,494	INFO	Github publishing of files started
