2026-07-12 11:00:17,507	INFO	Start main routine for show ENS12Jul26
2026-07-12 11:00:17,507	INFO	Removing old working directory /srv/mm/3rrr/work05Jul
2026-07-12 11:00:17,537	INFO	Removing old show directory /srv/mm/3rrr/show05Jul
2026-07-12 11:00:17,710	INFO	mplayer cmd: mplayer -endpos 01:02:00 -quiet -nocache -vo null -vc dummy -ao pcm:waveheader:file=/srv/mm/3rrr/work12Jul/ENS12Jul26.wav_1.wav http://realtime.rrr.org.au/p1h
2026-07-12 11:00:17,723	INFO	waiting for mplayer to start, count:0
2026-07-12 11:00:18,803	INFO	waiting for mplayer to create the wav file, count:0
2026-07-12 11:00:19,804	INFO	waiting for mplayer to create the wav file, count:1
2026-07-12 11:00:20,805	INFO	waiting for the wav file to grow, size:0
2026-07-12 11:00:21,826	INFO	sampling rate is 44100
2026-07-12 11:00:21,826	INFO	Status info: rc is 1  runtime is 0  remtime is 3720   fsize is 1966080
2026-07-12 12:02:25,558	INFO	Show ENS remaining time: 0
2026-07-12 12:02:30,567	INFO	sox cmd: sox /srv/mm/3rrr/work12Jul/ENS12Jul26.wav_1.wav /srv/mm/3rrr/work12Jul/ENS12Jul26.wav
2026-07-12 12:03:18,285	INFO	sox cmd: sox /srv/mm/3rrr/work12Jul/ENS12Jul26.wav -c1 -b16 /srv/mm/3rrr/work12Jul/Einstein-A-Go-Go-20260712.wav_mon.wav
2026-07-12 12:03:51,542	INFO	sox cmd: sox /srv/mm/3rrr/work12Jul/Einstein-A-Go-Go-20260712.wav /srv/mm/3rrr/work12Jul/Einstein-A-Go-Go-20260712.wav_loud.wav compand 0.01,1 -90,-90,-70,-70,-60,-20,0,0 -5
2026-07-12 12:04:18,793	INFO	lame cmd: lame --quiet -b 320 --add-id3v2 --ty 2026 --tt Einstein A Go Go - 12 July 2026 --tc Einstein A Go Go can be heard every Sunday at 11.00am on 3RRR FM 102.7 MHz in Melbourne, Australia (http://www.rrr.org.au). Visit our website for more information (http://www.rrr.org.au/program/einstein-a-go-go/). --tg Podcast --ta Einstein A Go Go --tl Triple R FM /srv/mm/3rrr/work12Jul/ENS12Jul26.wav /srv/mm/3rrr/work12Jul/ENS12Jul26.mp3
2026-07-12 12:08:21,810	INFO	lame cmd: lame --quiet --preset 64 --add-id3v2 --ty 2026 --tt Einstein A Go Go - 12 July 2026 --tc Einstein A Go Go can be heard every Sunday at 11.00am on 3RRR FM 102.7 MHz in Melbourne, Australia (http://www.rrr.org.au). Visit our website for more information (http://www.rrr.org.au/program/einstein-a-go-go/). --tg Speech --ta Triple R --tl Triple R /srv/mm/3rrr/work12Jul/Einstein-A-Go-Go-20260712.wav /srv/mm/3rrr/work12Jul/Einstein-A-Go-Go-20260712.mp3
2026-07-12 12:10:31,421	INFO	Removing stale latest directory /srv/mm/3rrr/latest/ENS/
2026-07-12 12:10:31,427	INFO	Copy the ENS show files to show and latest folders
2026-07-12 12:10:37,363	INFO	Local web server publishing of files started
2026-07-12 12:10:38,951	INFO	Removing old file /var/www/eagg/files/Einstein-A-Go-Go-20260628.mp3
2026-07-12 12:10:38,952	INFO	Removing old file /var/www/eagg/files/ENS28Jun26.log
2026-07-12 12:10:38,953	INFO	Delete local web server archive file /var/www/eagg/files/archive/Einstein-A-Go-Go-20260517.mp3
2026-07-12 12:10:38,953	INFO	Removing old file /var/www/eagg/files/archive/Einstein-A-Go-Go-20260517.mp3
2026-07-12 12:10:38,991	INFO	Github publishing of files started
