2026-09-13 11:00:06,880	INFO	Start main routine for show ENS13Sep26
2026-09-13 11:00:06,880	INFO	Removing old working directory /srv/mm/3rrr/work06Sep
2026-09-13 11:00:06,939	INFO	Removing old show directory /srv/mm/3rrr/show06Sep
2026-09-13 11:00:07,106	INFO	mplayer cmd: mplayer -endpos 01:02:00 -quiet -nocache -vo null -vc dummy -ao pcm:waveheader:file=/srv/mm/3rrr/work13Sep/ENS13Sep26.wav_1.wav http://realtime.rrr.org.au/p1h
2026-09-13 11:00:07,119	INFO	waiting for mplayer to start, count:0
2026-09-13 11:00:08,133	INFO	waiting for mplayer to create the wav file, count:0
2026-09-13 11:00:09,134	INFO	waiting for mplayer to create the wav file, count:1
2026-09-13 11:00:10,136	INFO	waiting for the wav file to grow, size:0
2026-09-13 11:00:11,137	INFO	waiting for the wav file to grow, size:1835008
2026-09-13 11:00:12,157	INFO	sampling rate is 44100
2026-09-13 11:00:12,157	INFO	Status info: rc is 1  runtime is 0  remtime is 3720   fsize is 2228224
2026-09-13 12:02:15,878	INFO	Show ENS remaining time: 0
2026-09-13 12:02:20,888	INFO	sox cmd: sox /srv/mm/3rrr/work13Sep/ENS13Sep26.wav_1.wav /srv/mm/3rrr/work13Sep/ENS13Sep26.wav
2026-09-13 12:03:08,644	INFO	sox cmd: sox /srv/mm/3rrr/work13Sep/ENS13Sep26.wav -c1 -b16 /srv/mm/3rrr/work13Sep/Einstein-A-Go-Go-20260913.wav_mon.wav
2026-09-13 12:03:41,669	INFO	sox cmd: sox /srv/mm/3rrr/work13Sep/Einstein-A-Go-Go-20260913.wav /srv/mm/3rrr/work13Sep/Einstein-A-Go-Go-20260913.wav_loud.wav compand 0.01,1 -90,-90,-70,-70,-60,-20,0,0 -5
2026-09-13 12:04:09,502	INFO	lame cmd: lame --quiet -b 320 --add-id3v2 --ty 2026 --tt Einstein A Go Go - 13 September 2026 --tc Einstein A Go Go can be heard every Sunday at 11.00am on 3RRR FM 102.7 MHz in Melbourne, Australia (http://www.rrr.org.au). Visit our website for more information (http://www.rrr.org.au/program/einstein-a-go-go/). --tg Podcast --ta Einstein A Go Go --tl Triple R FM /srv/mm/3rrr/work13Sep/ENS13Sep26.wav /srv/mm/3rrr/work13Sep/ENS13Sep26.mp3
2026-09-13 12:08:11,903	INFO	lame cmd: lame --quiet --preset 64 --add-id3v2 --ty 2026 --tt Einstein A Go Go - 13 September 2026 --tc Einstein A Go Go can be heard every Sunday at 11.00am on 3RRR FM 102.7 MHz in Melbourne, Australia (http://www.rrr.org.au). Visit our website for more information (http://www.rrr.org.au/program/einstein-a-go-go/). --tg Speech --ta Triple R --tl Triple R /srv/mm/3rrr/work13Sep/Einstein-A-Go-Go-20260913.wav /srv/mm/3rrr/work13Sep/Einstein-A-Go-Go-20260913.mp3
2026-09-13 12:10:18,514	INFO	Removing stale latest directory /srv/mm/3rrr/latest/ENS/
2026-09-13 12:10:18,523	INFO	Copy the ENS show files to show and latest folders
2026-09-13 12:10:25,655	INFO	Local web server publishing of files started
2026-09-13 12:10:26,540	INFO	Removing old file /var/www/eagg/files/Einstein-A-Go-Go-20260830.mp3
2026-09-13 12:10:26,541	INFO	Removing old file /var/www/eagg/files/ENS30Aug26.log
2026-09-13 12:10:26,541	INFO	Delete local web server archive file /var/www/eagg/files/archive/Einstein-A-Go-Go-20260719.mp3
2026-09-13 12:10:26,541	INFO	Removing old file /var/www/eagg/files/archive/Einstein-A-Go-Go-20260719.mp3
2026-09-13 12:10:26,542	INFO	Github publishing of files started
