2026-07-19 11:00:06,959	INFO	Start main routine for show ENS19Jul26
2026-07-19 11:00:06,960	INFO	Removing old working directory /srv/mm/3rrr/work12Jul
2026-07-19 11:00:06,978	INFO	Removing old show directory /srv/mm/3rrr/show12Jul
2026-07-19 11:00:07,153	INFO	mplayer cmd: mplayer -endpos 01:02:00 -quiet -nocache -vo null -vc dummy -ao pcm:waveheader:file=/srv/mm/3rrr/work19Jul/ENS19Jul26.wav_1.wav http://realtime.rrr.org.au/p1h
2026-07-19 11:00:07,210	INFO	waiting for mplayer to start, count:0
2026-07-19 11:00:08,221	INFO	waiting for mplayer to create the wav file, count:0
2026-07-19 11:00:09,223	INFO	waiting for mplayer to create the wav file, count:1
2026-07-19 11:00:10,224	INFO	waiting for the wav file to grow, size:0
2026-07-19 11:00:11,225	INFO	waiting for the wav file to grow, size:1900544
2026-07-19 11:00:12,248	INFO	sampling rate is 44100
2026-07-19 11:00:12,249	INFO	Status info: rc is 1  runtime is 0  remtime is 3720   fsize is 2162688
2026-07-19 12:02:15,968	INFO	Show ENS remaining time: 0
2026-07-19 12:02:20,976	INFO	sox cmd: sox /srv/mm/3rrr/work19Jul/ENS19Jul26.wav_1.wav /srv/mm/3rrr/work19Jul/ENS19Jul26.wav
2026-07-19 12:03:08,694	INFO	sox cmd: sox /srv/mm/3rrr/work19Jul/ENS19Jul26.wav -c1 -b16 /srv/mm/3rrr/work19Jul/Einstein-A-Go-Go-20260719.wav_mon.wav
2026-07-19 12:03:41,707	INFO	sox cmd: sox /srv/mm/3rrr/work19Jul/Einstein-A-Go-Go-20260719.wav /srv/mm/3rrr/work19Jul/Einstein-A-Go-Go-20260719.wav_loud.wav compand 0.01,1 -90,-90,-70,-70,-60,-20,0,0 -5
2026-07-19 12:04:09,705	INFO	lame cmd: lame --quiet -b 320 --add-id3v2 --ty 2026 --tt Einstein A Go Go - 19 July 2026 --tc Einstein A Go Go can be heard every Sunday at 11.00am on 3RRR FM 102.7 MHz in Melbourne, Australia (http://www.rrr.org.au). Visit our website for more information (http://www.rrr.org.au/program/einstein-a-go-go/). --tg Podcast --ta Einstein A Go Go --tl Triple R FM /srv/mm/3rrr/work19Jul/ENS19Jul26.wav /srv/mm/3rrr/work19Jul/ENS19Jul26.mp3
2026-07-19 12:08:08,712	INFO	lame cmd: lame --quiet --preset 64 --add-id3v2 --ty 2026 --tt Einstein A Go Go - 19 July 2026 --tc Einstein A Go Go can be heard every Sunday at 11.00am on 3RRR FM 102.7 MHz in Melbourne, Australia (http://www.rrr.org.au). Visit our website for more information (http://www.rrr.org.au/program/einstein-a-go-go/). --tg Speech --ta Triple R --tl Triple R /srv/mm/3rrr/work19Jul/Einstein-A-Go-Go-20260719.wav /srv/mm/3rrr/work19Jul/Einstein-A-Go-Go-20260719.mp3
2026-07-19 12:10:19,024	INFO	Removing stale latest directory /srv/mm/3rrr/latest/ENS/
2026-07-19 12:10:19,030	INFO	Copy the ENS show files to show and latest folders
2026-07-19 12:10:27,305	INFO	Local web server publishing of files started
2026-07-19 12:10:28,690	INFO	Removing old file /var/www/eagg/files/Einstein-A-Go-Go-20260705.mp3
2026-07-19 12:10:29,020	INFO	Removing old file /var/www/eagg/files/ENS05Jul26.log
2026-07-19 12:10:29,021	INFO	Delete local web server archive file /var/www/eagg/files/archive/Einstein-A-Go-Go-20260524.mp3
2026-07-19 12:10:29,021	INFO	Removing old file /var/www/eagg/files/archive/Einstein-A-Go-Go-20260524.mp3
2026-07-19 12:10:29,021	INFO	Github publishing of files started
