2026-07-26 11:00:06,932	INFO	Start main routine for show ENS26Jul26
2026-07-26 11:00:06,932	INFO	Removing old working directory /srv/mm/3rrr/work19Jul
2026-07-26 11:00:06,964	INFO	Removing old show directory /srv/mm/3rrr/show19Jul
2026-07-26 11:00:07,141	INFO	mplayer cmd: mplayer -endpos 01:02:00 -quiet -nocache -vo null -vc dummy -ao pcm:waveheader:file=/srv/mm/3rrr/work26Jul/ENS26Jul26.wav_1.wav http://realtime.rrr.org.au/p1h
2026-07-26 11:00:07,152	INFO	waiting for mplayer to start, count:0
2026-07-26 11:00:08,205	INFO	waiting for mplayer to create the wav file, count:0
2026-07-26 11:00:09,207	INFO	waiting for mplayer to create the wav file, count:1
2026-07-26 11:00:10,208	INFO	waiting for the wav file to grow, size:0
2026-07-26 11:00:11,226	INFO	sampling rate is 44100
2026-07-26 11:00:11,226	INFO	Status info: rc is 1  runtime is 0  remtime is 3720   fsize is 1966080
2026-07-26 12:02:14,939	INFO	Show ENS remaining time: 0
2026-07-26 12:02:19,946	INFO	sox cmd: sox /srv/mm/3rrr/work26Jul/ENS26Jul26.wav_1.wav /srv/mm/3rrr/work26Jul/ENS26Jul26.wav
2026-07-26 12:03:08,040	INFO	sox cmd: sox /srv/mm/3rrr/work26Jul/ENS26Jul26.wav -c1 -b16 /srv/mm/3rrr/work26Jul/Einstein-A-Go-Go-20260726.wav_mon.wav
2026-07-26 12:03:40,883	INFO	sox cmd: sox /srv/mm/3rrr/work26Jul/Einstein-A-Go-Go-20260726.wav /srv/mm/3rrr/work26Jul/Einstein-A-Go-Go-20260726.wav_loud.wav compand 0.01,1 -90,-90,-70,-70,-60,-20,0,0 -5
2026-07-26 12:04:08,470	INFO	lame cmd: lame --quiet -b 320 --add-id3v2 --ty 2026 --tt Einstein A Go Go - 26 July 2026 --tc Einstein A Go Go can be heard every Sunday at 11.00am on 3RRR FM 102.7 MHz in Melbourne, Australia (http://www.rrr.org.au). Visit our website for more information (http://www.rrr.org.au/program/einstein-a-go-go/). --tg Podcast --ta Einstein A Go Go --tl Triple R FM /srv/mm/3rrr/work26Jul/ENS26Jul26.wav /srv/mm/3rrr/work26Jul/ENS26Jul26.mp3
2026-07-26 12:08:10,638	INFO	lame cmd: lame --quiet --preset 64 --add-id3v2 --ty 2026 --tt Einstein A Go Go - 26 July 2026 --tc Einstein A Go Go can be heard every Sunday at 11.00am on 3RRR FM 102.7 MHz in Melbourne, Australia (http://www.rrr.org.au). Visit our website for more information (http://www.rrr.org.au/program/einstein-a-go-go/). --tg Speech --ta Triple R --tl Triple R /srv/mm/3rrr/work26Jul/Einstein-A-Go-Go-20260726.wav /srv/mm/3rrr/work26Jul/Einstein-A-Go-Go-20260726.mp3
2026-07-26 12:10:20,612	INFO	Removing stale latest directory /srv/mm/3rrr/latest/ENS/
2026-07-26 12:10:20,619	INFO	Copy the ENS show files to show and latest folders
2026-07-26 12:10:29,359	INFO	Local web server publishing of files started
2026-07-26 12:10:31,110	INFO	Removing old file /var/www/eagg/files/Einstein-A-Go-Go-20260712.mp3
2026-07-26 12:10:31,167	INFO	Removing old file /var/www/eagg/files/ENS12Jul26.log
2026-07-26 12:10:31,167	INFO	Delete local web server archive file /var/www/eagg/files/archive/Einstein-A-Go-Go-20260531.mp3
2026-07-26 12:10:31,168	INFO	Removing old file /var/www/eagg/files/archive/Einstein-A-Go-Go-20260531.mp3
2026-07-26 12:10:31,268	INFO	Github publishing of files started
