2026-08-23 11:00:06,966	INFO	Start main routine for show ENS23Aug26
2026-08-23 11:00:06,967	INFO	Removing old working directory /srv/mm/3rrr/work16Aug
2026-08-23 11:00:07,006	INFO	Removing old show directory /srv/mm/3rrr/show16Aug
2026-08-23 11:00:07,206	INFO	mplayer cmd: mplayer -endpos 01:02:00 -quiet -nocache -vo null -vc dummy -ao pcm:waveheader:file=/srv/mm/3rrr/work23Aug/ENS23Aug26.wav_1.wav http://realtime.rrr.org.au/p1h
2026-08-23 11:00:07,221	INFO	waiting for mplayer to start, count:0
2026-08-23 11:00:08,305	INFO	waiting for mplayer to create the wav file, count:0
2026-08-23 11:00:09,306	INFO	waiting for mplayer to create the wav file, count:1
2026-08-23 11:00:10,307	INFO	waiting for the wav file to grow, size:0
2026-08-23 11:00:11,309	INFO	waiting for the wav file to grow, size:1900544
2026-08-23 11:00:12,330	INFO	sampling rate is 44100
2026-08-23 11:00:12,330	INFO	Status info: rc is 1  runtime is 0  remtime is 3720   fsize is 2228224
2026-08-23 12:02:16,055	INFO	Show ENS remaining time: 0
2026-08-23 12:02:21,063	INFO	sox cmd: sox /srv/mm/3rrr/work23Aug/ENS23Aug26.wav_1.wav /srv/mm/3rrr/work23Aug/ENS23Aug26.wav
2026-08-23 12:03:08,550	INFO	sox cmd: sox /srv/mm/3rrr/work23Aug/ENS23Aug26.wav -c1 -b16 /srv/mm/3rrr/work23Aug/Einstein-A-Go-Go-20260823.wav_mon.wav
2026-08-23 12:03:42,225	INFO	sox cmd: sox /srv/mm/3rrr/work23Aug/Einstein-A-Go-Go-20260823.wav /srv/mm/3rrr/work23Aug/Einstein-A-Go-Go-20260823.wav_loud.wav compand 0.01,1 -90,-90,-70,-70,-60,-20,0,0 -5
2026-08-23 12:04:09,760	INFO	lame cmd: lame --quiet -b 320 --add-id3v2 --ty 2026 --tt Einstein A Go Go - 23 August 2026 --tc Einstein A Go Go can be heard every Sunday at 11.00am on 3RRR FM 102.7 MHz in Melbourne, Australia (http://www.rrr.org.au). Visit our website for more information (http://www.rrr.org.au/program/einstein-a-go-go/). --tg Podcast --ta Einstein A Go Go --tl Triple R FM /srv/mm/3rrr/work23Aug/ENS23Aug26.wav /srv/mm/3rrr/work23Aug/ENS23Aug26.mp3
2026-08-23 12:08:11,241	INFO	lame cmd: lame --quiet --preset 64 --add-id3v2 --ty 2026 --tt Einstein A Go Go - 23 August 2026 --tc Einstein A Go Go can be heard every Sunday at 11.00am on 3RRR FM 102.7 MHz in Melbourne, Australia (http://www.rrr.org.au). Visit our website for more information (http://www.rrr.org.au/program/einstein-a-go-go/). --tg Speech --ta Triple R --tl Triple R /srv/mm/3rrr/work23Aug/Einstein-A-Go-Go-20260823.wav /srv/mm/3rrr/work23Aug/Einstein-A-Go-Go-20260823.mp3
2026-08-23 12:10:19,418	INFO	Removing stale latest directory /srv/mm/3rrr/latest/ENS/
2026-08-23 12:10:19,425	INFO	Copy the ENS show files to show and latest folders
2026-08-23 12:10:27,370	INFO	Local web server publishing of files started
2026-08-23 12:10:29,010	INFO	Removing old file /var/www/eagg/files/Einstein-A-Go-Go-20260809.mp3
2026-08-23 12:10:29,074	INFO	Removing old file /var/www/eagg/files/ENS09Aug26.log
2026-08-23 12:10:29,227	INFO	Delete local web server archive file /var/www/eagg/files/archive/Einstein-A-Go-Go-20260628.mp3
2026-08-23 12:10:29,228	INFO	Removing old file /var/www/eagg/files/archive/Einstein-A-Go-Go-20260628.mp3
2026-08-23 12:10:29,228	INFO	Github publishing of files started
