2026-08-30 11:00:01,088	INFO	Start main routine for show ENS30Aug26
2026-08-30 11:00:01,089	INFO	Removing old working directory /srv/mm/3rrr/work23Aug
2026-08-30 11:00:01,139	INFO	Removing old show directory /srv/mm/3rrr/show23Aug
2026-08-30 11:00:01,319	INFO	mplayer cmd: mplayer -endpos 01:02:00 -quiet -nocache -vo null -vc dummy -ao pcm:waveheader:file=/srv/mm/3rrr/work30Aug/ENS30Aug26.wav_1.wav http://realtime.rrr.org.au/p1h
2026-08-30 11:00:01,337	INFO	waiting for mplayer to start, count:0
2026-08-30 11:00:02,425	INFO	waiting for mplayer to create the wav file, count:0
2026-08-30 11:00:03,426	INFO	waiting for mplayer to create the wav file, count:1
2026-08-30 11:00:04,427	INFO	waiting for mplayer to create the wav file, count:2
2026-08-30 11:00:05,429	INFO	waiting for the wav file to grow, size:0
2026-08-30 11:00:06,430	INFO	waiting for the wav file to grow, size:1900544
2026-08-30 11:00:07,453	INFO	sampling rate is 44100
2026-08-30 11:00:07,454	INFO	Status info: rc is 1  runtime is 0  remtime is 3720   fsize is 2359296
2026-08-30 12:02:11,218	INFO	Show ENS remaining time: 0
2026-08-30 12:02:16,226	INFO	sox cmd: sox /srv/mm/3rrr/work30Aug/ENS30Aug26.wav_1.wav /srv/mm/3rrr/work30Aug/ENS30Aug26.wav
2026-08-30 12:03:03,501	INFO	sox cmd: sox /srv/mm/3rrr/work30Aug/ENS30Aug26.wav -c1 -b16 /srv/mm/3rrr/work30Aug/Einstein-A-Go-Go-20260830.wav_mon.wav
2026-08-30 12:03:37,364	INFO	sox cmd: sox /srv/mm/3rrr/work30Aug/Einstein-A-Go-Go-20260830.wav /srv/mm/3rrr/work30Aug/Einstein-A-Go-Go-20260830.wav_loud.wav compand 0.01,1 -90,-90,-70,-70,-60,-20,0,0 -5
2026-08-30 12:04:05,201	INFO	lame cmd: lame --quiet -b 320 --add-id3v2 --ty 2026 --tt Einstein A Go Go - 30 August 2026 --tc Einstein A Go Go can be heard every Sunday at 11.00am on 3RRR FM 102.7 MHz in Melbourne, Australia (http://www.rrr.org.au). Visit our website for more information (http://www.rrr.org.au/program/einstein-a-go-go/). --tg Podcast --ta Einstein A Go Go --tl Triple R FM /srv/mm/3rrr/work30Aug/ENS30Aug26.wav /srv/mm/3rrr/work30Aug/ENS30Aug26.mp3
2026-08-30 12:08:09,049	INFO	lame cmd: lame --quiet --preset 64 --add-id3v2 --ty 2026 --tt Einstein A Go Go - 30 August 2026 --tc Einstein A Go Go can be heard every Sunday at 11.00am on 3RRR FM 102.7 MHz in Melbourne, Australia (http://www.rrr.org.au). Visit our website for more information (http://www.rrr.org.au/program/einstein-a-go-go/). --tg Speech --ta Triple R --tl Triple R /srv/mm/3rrr/work30Aug/Einstein-A-Go-Go-20260830.wav /srv/mm/3rrr/work30Aug/Einstein-A-Go-Go-20260830.mp3
2026-08-30 12:10:16,558	INFO	Removing stale latest directory /srv/mm/3rrr/latest/ENS/
2026-08-30 12:10:16,565	INFO	Copy the ENS show files to show and latest folders
2026-08-30 12:10:25,672	INFO	Local web server publishing of files started
2026-08-30 12:10:27,039	INFO	Removing old file /var/www/eagg/files/Einstein-A-Go-Go-20260816.mp3
2026-08-30 12:10:27,040	INFO	Removing old file /var/www/eagg/files/ENS16Aug26.log
2026-08-30 12:10:27,040	INFO	Delete local web server archive file /var/www/eagg/files/archive/Einstein-A-Go-Go-20260705.mp3
2026-08-30 12:10:27,040	INFO	Removing old file /var/www/eagg/files/archive/Einstein-A-Go-Go-20260705.mp3
2026-08-30 12:10:27,052	INFO	Github publishing of files started
